=== ML2d-low 2026-10-05 20:23 engine f0c1cda47
{"status":"ok"}
| --- | --- | ---: | ---: | --- |
| coding | suite-tar-01 | 1/4 | 0/4 | 0 / 1 |
| coding | xfer-mime-01 | 0/4 | 0/4 | 0 / 0 |
| coding | xfer-zip-01 | 3/4 | 3/4 | 1 / 1 |
| computation | digits | 0/3 | 3/3 | 3 / 0 |
| computation | knapsack | 1/3 | 3/3 | 2 / 0 |
| computation | lcs | 0/3 | 3/3 | 3 / 0 |
| computation | sales | 2/3 | 3/3 | 1 / 0 |
| computation | weblog | 1/3 | 3/3 | 2 / 0 |
| **total** | | **8/27** | **18/27** | **12 / 2** |

completion tokens: mirai-raw 437,167, mirai-layer 327,009
| coding | suite-tar-01 | 1 | fail | fail | fail | fail |  |
| coding | suite-tar-01 | 2 | pass | fail | pass | fail |  |
| coding | suite-tar-01 | 3 | fail | fail | fail | fail |  |
| coding | suite-tar-01 | 4 | fail | fail | fail | fail |  |
| coding | xfer-mime-01 | 1 | fail | fail | fail | fail |  |
| coding | xfer-mime-01 | 2 | fail | fail | fail | fail |  |
| coding | xfer-mime-01 | 3 | fail | fail | fail | fail |  |
| coding | xfer-mime-01 | 4 | fail | fail | fail | fail |  |
| coding | xfer-zip-01 | 1 | pass | fail | pass | fail |  |
| coding | xfer-zip-01 | 2 | pass | pass | pass | pass |  |
| coding | xfer-zip-01 | 3 | pass | pass | pass | pass |  |
| coding | xfer-zip-01 | 4 | fail | pass | fail | pass |  |
| computation | digits | 1 | fail | pass | fail | pass |  |
| computation | digits | 2 | fail | pass | fail | pass |  |
| computation | digits | 3 | fail | pass | fail | pass |  |
| computation | knapsack | 1 | fail | pass | fail | pass |  |
| computation | knapsack | 2 | pass | pass | pass | pass |  |
| computation | knapsack | 3 | fail | pass | fail | pass |  |
| computation | lcs | 1 | fail | pass | fail | pass |  |
| computation | lcs | 2 | fail | pass | fail | pass |  |
| computation | lcs | 3 | fail | pass | fail | pass |  |
| computation | sales | 1 | fail | pass | fail | pass |  |
| computation | sales | 2 | pass | pass | pass | pass |  |
| computation | sales | 3 | pass | pass | pass | pass |  |
| computation | weblog | 1 | fail | pass | fail | pass |  |
| computation | weblog | 2 | fail | pass | fail | pass |  |
| computation | weblog | 3 | pass | pass | pass | pass |  |
| run / arm | coding | computation | workspace | total | tokens |
ML2b: rescues 12, losses 2 (mirai-layer vs mirai-raw)
ML2d-low: rescues 12, losses 2 (mirai-layer vs mirai-raw)
=== done 23:27
